\BOOKMARK [1][-]{Doc-Start}{\376\377\000L\000E\000M\000B\000A\000R\000\040\000P\000E\000N\000G\000E\000S\000A\000H\000A\000N}{}% 1
\BOOKMARK [1][-]{Doc-Start}{\376\377\000K\000A\000T\000A\000\040\000P\000E\000N\000G\000A\000N\000T\000A\000R}{}% 2
\BOOKMARK [1][-]{Item.6}{\376\377\000P\000E\000R\000N\000Y\000A\000T\000A\000A\000N}{}% 3
\BOOKMARK [1][-]{Item.11}{\376\377\000A\000B\000S\000T\000R\000A\000K}{}% 4
\BOOKMARK [1][-]{Item.11}{\376\377\000A\000B\000S\000T\000R\000A\000C\000T}{}% 5
\BOOKMARK [0][-]{chapter.1}{\376\377\000P\000e\000n\000d\000a\000h\000u\000l\000u\000a\000n}{}% 6
\BOOKMARK [1][-]{section.1.1}{\376\377\000L\000a\000t\000a\000r\000\040\000B\000e\000l\000a\000k\000a\000n\000g}{chapter.1}% 7
\BOOKMARK [1][-]{section.1.2}{\376\377\000R\000u\000m\000u\000s\000a\000n\000\040\000M\000a\000s\000a\000l\000a\000h}{chapter.1}% 8
\BOOKMARK [1][-]{section.1.3}{\376\377\000T\000u\000j\000u\000a\000n}{chapter.1}% 9
\BOOKMARK [1][-]{section.1.4}{\376\377\000T\000a\000h\000a\000p\000a\000n\000\040\000P\000e\000n\000g\000e\000r\000j\000a\000a\000n}{chapter.1}% 10
\BOOKMARK [2][-]{subsection.1.4.1}{\376\377\000P\000r\000o\000d\000u\000k\000\040\000B\000a\000c\000k\000l\000o\000g}{section.1.4}% 11
\BOOKMARK [2][-]{subsection.1.4.2}{\376\377\000P\000e\000l\000a\000k\000s\000a\000n\000a\000a\000n\000\040\000S\000p\000r\000i\000n\000t}{section.1.4}% 12
\BOOKMARK [2][-]{subsection.1.4.3}{\376\377\000D\000a\000i\000l\000y\000\040\000S\000t\000a\000n\000d\000u\000p}{section.1.4}% 13
\BOOKMARK [2][-]{subsection.1.4.4}{\376\377\000S\000c\000r\000u\000m\000\040\000E\000v\000e\000n\000t\000s}{section.1.4}% 14
\BOOKMARK [0][-]{chapter.2}{\376\377\000P\000E\000R\000S\000Y\000A\000R\000A\000T\000A\000N\000\040\000S\000I\000S\000T\000E\000M\000\040}{}% 15
\BOOKMARK [1][-]{section.2.1}{\376\377\000D\000e\000s\000k\000r\000i\000p\000s\000i\000\040\000P\000e\000n\000g\000g\000u\000n\000a}{chapter.2}% 16
\BOOKMARK [1][-]{section.2.2}{\376\377\000G\000a\000m\000b\000a\000r\000a\000n\000\040\000S\000i\000s\000t\000e\000m\000\040\000S\000a\000a\000t\000\040\000I\000n\000i}{chapter.2}% 17
\BOOKMARK [2][-]{subsection.2.2.1}{\376\377\000A\000n\000a\000l\000i\000s\000i\000s\000\040\000P\000r\000o\000s\000e\000s\000\040\000B\000i\000s\000n\000i\000s}{section.2.2}% 18
\BOOKMARK [3][-]{subsubsection.2.2.1.1}{\376\377\000G\000a\000m\000b\000a\000r\000a\000n\000\040\000U\000m\000u\000m}{subsection.2.2.1}% 19
\BOOKMARK [3][-]{subsubsection.2.2.1.2}{\376\377\000P\000a\000r\000t\000i\000s\000i\000p\000a\000n\000\040\000\050\000A\000k\000t\000o\000r\000\051\000\040\000y\000a\000n\000g\000\040\000T\000e\000r\000l\000i\000b\000a\000t}{subsection.2.2.1}% 20
\BOOKMARK [3][-]{subsubsection.2.2.1.3}{\376\377\000A\000l\000u\000r\000\040\000P\000r\000o\000s\000e\000s\000\040\000\050\000P\000r\000o\000c\000e\000s\000s\000\040\000F\000l\000o\000w\000\051}{subsection.2.2.1}% 21
\BOOKMARK [3][-]{subsubsection.2.2.1.4}{\376\377\000P\000e\000r\000t\000u\000k\000a\000r\000a\000n\000\040\000P\000e\000s\000a\000n\000\040\000\050\000M\000e\000s\000s\000a\000g\000e\000\040\000F\000l\000o\000w\000\051}{subsection.2.2.1}% 22
\BOOKMARK [3][-]{subsubsection.2.2.1.5}{\376\377\000A\000n\000a\000l\000i\000s\000i\000s\000\040\000K\000e\000l\000e\000m\000a\000h\000a\000n\000\040\000S\000i\000s\000t\000e\000m\000\040\000A\000s\000-\000I\000s\000\040\000\050\000P\000a\000i\000n\000\040\000P\000o\000i\000n\000t\000s\000\051}{subsection.2.2.1}% 23
\BOOKMARK [3][-]{subsubsection.2.2.1.6}{\376\377\000G\000a\000m\000b\000a\000r\000a\000n\000\040\000U\000m\000u\000m}{subsection.2.2.1}% 24
\BOOKMARK [3][-]{subsubsection.2.2.1.7}{\376\377\000P\000a\000r\000t\000i\000s\000i\000p\000a\000n\000\040\000\050\000A\000k\000t\000o\000r\000\051\000\040\000y\000a\000n\000g\000\040\000T\000e\000r\000l\000i\000b\000a\000t}{subsection.2.2.1}% 25
\BOOKMARK [3][-]{subsubsection.2.2.1.8}{\376\377\000A\000l\000u\000r\000\040\000P\000r\000o\000s\000e\000s\000\040\000U\000t\000a\000m\000a\000\040\000\050\000P\000r\000o\000c\000e\000s\000s\000\040\000F\000l\000o\000w\000\051}{subsection.2.2.1}% 26
\BOOKMARK [3][-]{subsubsection.2.2.1.9}{\376\377\000S\000o\000l\000u\000s\000i\000\040\000y\000a\000n\000g\000\040\000D\000i\000t\000a\000w\000a\000r\000k\000a\000n\000\040\000\050\000P\000e\000r\000b\000a\000i\000k\000a\000n\000\040\000d\000a\000r\000i\000\040\000S\000i\000s\000t\000e\000m\000\040\000A\000s\000-\000I\000s\000\051}{subsection.2.2.1}% 27
\BOOKMARK [2][-]{subsection.2.2.2}{\376\377\000P\000e\000n\000g\000a\000l\000a\000m\000a\000n\000\040\000P\000e\000n\000g\000g\000u\000n\000a}{section.2.2}% 28
\BOOKMARK [1][-]{section.2.3}{\376\377\000I\000d\000e\000n\000t\000i\000f\000i\000k\000a\000s\000i\000\040\000A\000p\000l\000i\000k\000a\000s\000i\000\040\000S\000e\000j\000e\000n\000i\000s}{chapter.2}% 29
\BOOKMARK [1][-]{section.2.4}{\376\377\000A\000n\000a\000l\000i\000s\000i\000s\000\040\000K\000e\000b\000u\000t\000u\000h\000a\000n\000\040\000S\000i\000s\000t\000e\000m}{chapter.2}% 30
\BOOKMARK [2][-]{subsection.2.4.1}{\376\377\000A\000n\000a\000l\000i\000s\000i\000s\000\040\000G\000r\000u\000p\000\040\000A\000k\000s\000e\000s}{section.2.4}% 31
\BOOKMARK [2][-]{subsection.2.4.2}{\376\377\000A\000n\000a\000l\000i\000s\000i\000s\000\040\000K\000e\000b\000u\000t\000u\000h\000a\000n\000\040\000F\000u\000n\000g\000s\000i\000o\000n\000a\000l}{section.2.4}% 32
\BOOKMARK [2][-]{subsection.2.4.3}{\376\377\000A\000n\000a\000l\000i\000s\000i\000s\000\040\000K\000e\000b\000u\000t\000u\000h\000a\000n\000\040\000D\000u\000k\000u\000n\000g\000a\000n\000\040\000S\000i\000s\000t\000e\000m}{section.2.4}% 33
\BOOKMARK [1][-]{section.2.5}{\376\377\000A\000n\000a\000l\000i\000s\000i\000s\000\040\000K\000i\000n\000e\000r\000j\000a\000\040\000S\000i\000s\000t\000e\000m}{chapter.2}% 34
